
> frontend@1.0.0 build
> next build

  Ôû▓ Next.js 14.2.35
  - Environments: .env.local
  - Experiments (use with caution):
    ┬À optimizeCss

   Creating an optimized production build ...
 Ô£ô Compiled successfully
   Linting and checking validity of types ...
node.exe : Failed to compile.
No linha:1 caractere:1
+ & "C:\Program 
Files\nodejs/node.exe" 
"C:\Program 
Files\nodejs/node_mo ...
+ ~~~~~~~~~~~~~~~~~~~~~~~~~~~
~~~~~~~~~~~~~~~~~~~~~~~~~~~~~
~~~~~~~~~~~~~
    + CategoryInfo           
   : NotSpecified: (Failed   
  to compile.:String) [],    
 RemoteException
    + FullyQualifiedErrorId  
   : NativeCommandError
 

./src/app/configuracoes/siste
ma/modulos/components/ModuleM
anagement.tsx:477:29
Type error: 'module.pendingMi
grationsCount' is possibly 
'undefined'.

[0m [90m 475 |[39m        
                   [0m
[0m [90m 476 |[39m        
                   {[90m/* 
**NOVO:** Contadores de 
pend├¬ncias */[39m}[0m
[0m[31m[1m>[22m[39m[90m
 477 |[39m                  
         {(module[33m.[39mp
endingMigrationsCount 
[33m>[39m [35m0[39m 
[33m||[39m module[33m.[39
mpendingSeedsCount 
[33m>[39m [35m0[39m 
[33m||[39m module[33m.[39
mfailedMigrationsCount 
[33m>[39m [35m0[39m) 
[33m&&[39m ([0m
[0m [90m     |[39m        
                     
[31m[1m^[22m[39m[0m
[0m [90m 478 |[39m        
                     
[33m<[39m[33mdiv[39m clas
sName[33m=[39m[32m"flex 
flex-wrap items-center gap-2 
text-xs"[39m[33m>[39m[0m
[0m [90m 479 |[39m        
                       {modul
e[33m.[39mpendingMigrations
Count [33m>[39m 
[35m0[39m [33m&&[39m 
([0m
[0m [90m 480 |[39m        
                         
[33m<[39m[33mspan[39m cla
ssName[33m=[39m[32m"bg-yel
low-100 text-yellow-800 px-2 
py-1 
rounded"[39m[33m>[39m[0m
Next.js build worker exited 
with code: 1 and signal: null
